
> web@0.1.0 build /Users/thesand/sasvoth/apps/web
> next build

   ▲ Next.js 15.3.0
   - Environments: .env

   Creating an optimized production build ...
Failed to compile.

../../node_modules/.pnpm/@nomicfoundation+solidity-analyzer-darwin-arm64@0.1.2/node_modules/@nomicfoundation/solidity-analyzer-darwin-arm64/solidity-analyzer.darwin-arm64.node
Error: Node.js binary module ./les/.pnpm/@nomicfoundation+solidity-analyzer-darwin-arm64@0.1.2/node_modules/@nomicfoundation/solidity-analyzer-darwin-arm64/solidity-analyzer.darwin-arm64.node is not supported in the browser. Please only use the module on server side
    at Object.nextErrorBrowserBinaryLoader (/Users/thesand/sasvoth/node_modules/.pnpm/next@15.3.0_@babel+core@7.28.5_react-dom@19.2.0_react@19.2.0__react@19.2.0/node_modules/next/dist/build/webpack/loaders/next-error-browser-binary-loader.js:14:33)

Import trace for requested module:
../../node_modules/.pnpm/@nomicfoundation+solidity-analyzer-darwin-arm64@0.1.2/node_modules/@nomicfoundation/solidity-analyzer-darwin-arm64/solidity-analyzer.darwin-arm64.node
../../node_modules/.pnpm/@nomicfoundation+solidity-analyzer@0.1.2/node_modules/@nomicfoundation/solidity-analyzer/index.js
../../node_modules/.pnpm/@nomicfoundation+ignition-core@0.15.14_bufferutil@4.0.9_utf-8-validate@5.0.10/node_modules/@nomicfoundation/ignition-core/dist/src/verify.js
../../node_modules/.pnpm/@nomicfoundation+ignition-core@0.15.14_bufferutil@4.0.9_utf-8-validate@5.0.10/node_modules/@nomicfoundation/ignition-core/dist/src/index.js
../../node_modules/.pnpm/@nomicfoundation+hardhat-ignition@0.15.15_@nomicfoundation+hardhat-verify@2.1.3_hardhat@2.27._4q5rjewvrpxw4livzvhmhlxdmu/node_modules/@nomicfoundation/hardhat-ignition/dist/src/modules.js
../../node_modules/.pnpm/@excubiae+contracts@0.7.2/node_modules/@excubiae/contracts/build/ignition/modules/extensions/EAS.js
../../node_modules/.pnpm/@excubiae+contracts@0.7.2/node_modules/@excubiae/contracts/build/ignition/modules/extensions/index.js
../../node_modules/.pnpm/@excubiae+contracts@0.7.2/node_modules/@excubiae/contracts/build/ts/index.js
../../node_modules/.pnpm/@maci-protocol+contracts@0.0.0-ci.26f28d6_sqsdvzznn35f4tesal35tp3v5m/node_modules/@maci-protocol/contracts/build/ts/index.js
../../node_modules/.pnpm/@maci-protocol+sdk@0.0.0-ci.26f28d6_sqsdvzznn35f4tesal35tp3v5m/node_modules/@maci-protocol/sdk/build/ts/index.js
./hooks/useMaciSignup.ts
./hooks/useMACI.ts
./app/votes/[id]/page.tsx

../../node_modules/.pnpm/@nomicfoundation+solidity-analyzer-darwin-x64@0.1.2/node_modules/@nomicfoundation/solidity-analyzer-darwin-x64/solidity-analyzer.darwin-x64.node
Error: Node.js binary module ./les/.pnpm/@nomicfoundation+solidity-analyzer-darwin-x64@0.1.2/node_modules/@nomicfoundation/solidity-analyzer-darwin-x64/solidity-analyzer.darwin-x64.node is not supported in the browser. Please only use the module on server side
    at Object.nextErrorBrowserBinaryLoader (/Users/thesand/sasvoth/node_modules/.pnpm/next@15.3.0_@babel+core@7.28.5_react-dom@19.2.0_react@19.2.0__react@19.2.0/node_modules/next/dist/build/webpack/loaders/next-error-browser-binary-loader.js:14:33)

Import trace for requested module:
../../node_modules/.pnpm/@nomicfoundation+solidity-analyzer-darwin-x64@0.1.2/node_modules/@nomicfoundation/solidity-analyzer-darwin-x64/solidity-analyzer.darwin-x64.node
../../node_modules/.pnpm/@nomicfoundation+solidity-analyzer@0.1.2/node_modules/@nomicfoundation/solidity-analyzer/index.js
../../node_modules/.pnpm/@nomicfoundation+ignition-core@0.15.14_bufferutil@4.0.9_utf-8-validate@5.0.10/node_modules/@nomicfoundation/ignition-core/dist/src/verify.js
../../node_modules/.pnpm/@nomicfoundation+ignition-core@0.15.14_bufferutil@4.0.9_utf-8-validate@5.0.10/node_modules/@nomicfoundation/ignition-core/dist/src/index.js
../../node_modules/.pnpm/@nomicfoundation+hardhat-ignition@0.15.15_@nomicfoundation+hardhat-verify@2.1.3_hardhat@2.27._4q5rjewvrpxw4livzvhmhlxdmu/node_modules/@nomicfoundation/hardhat-ignition/dist/src/modules.js
../../node_modules/.pnpm/@excubiae+contracts@0.7.2/node_modules/@excubiae/contracts/build/ignition/modules/extensions/EAS.js
../../node_modules/.pnpm/@excubiae+contracts@0.7.2/node_modules/@excubiae/contracts/build/ignition/modules/extensions/index.js
../../node_modules/.pnpm/@excubiae+contracts@0.7.2/node_modules/@excubiae/contracts/build/ts/index.js
../../node_modules/.pnpm/@maci-protocol+contracts@0.0.0-ci.26f28d6_sqsdvzznn35f4tesal35tp3v5m/node_modules/@maci-protocol/contracts/build/ts/index.js
../../node_modules/.pnpm/@maci-protocol+sdk@0.0.0-ci.26f28d6_sqsdvzznn35f4tesal35tp3v5m/node_modules/@maci-protocol/sdk/build/ts/index.js
./hooks/useMaciSignup.ts
./hooks/useMACI.ts
./app/votes/[id]/page.tsx

../../node_modules/.pnpm/@nomicfoundation+solidity-analyzer-linux-arm64-gnu@0.1.2/node_modules/@nomicfoundation/solidity-analyzer-linux-arm64-gnu/solidity-analyzer.linux-arm64-gnu.node
Error: Node.js binary module ./les/.pnpm/@nomicfoundation+solidity-analyzer-linux-arm64-gnu@0.1.2/node_modules/@nomicfoundation/solidity-analyzer-linux-arm64-gnu/solidity-analyzer.linux-arm64-gnu.node is not supported in the browser. Please only use the module on server side
    at Object.nextErrorBrowserBinaryLoader (/Users/thesand/sasvoth/node_modules/.pnpm/next@15.3.0_@babel+core@7.28.5_react-dom@19.2.0_react@19.2.0__react@19.2.0/node_modules/next/dist/build/webpack/loaders/next-error-browser-binary-loader.js:14:33)

Import trace for requested module:
../../node_modules/.pnpm/@nomicfoundation+solidity-analyzer-linux-arm64-gnu@0.1.2/node_modules/@nomicfoundation/solidity-analyzer-linux-arm64-gnu/solidity-analyzer.linux-arm64-gnu.node
../../node_modules/.pnpm/@nomicfoundation+solidity-analyzer@0.1.2/node_modules/@nomicfoundation/solidity-analyzer/index.js
../../node_modules/.pnpm/@nomicfoundation+ignition-core@0.15.14_bufferutil@4.0.9_utf-8-validate@5.0.10/node_modules/@nomicfoundation/ignition-core/dist/src/verify.js
../../node_modules/.pnpm/@nomicfoundation+ignition-core@0.15.14_bufferutil@4.0.9_utf-8-validate@5.0.10/node_modules/@nomicfoundation/ignition-core/dist/src/index.js
../../node_modules/.pnpm/@nomicfoundation+hardhat-ignition@0.15.15_@nomicfoundation+hardhat-verify@2.1.3_hardhat@2.27._4q5rjewvrpxw4livzvhmhlxdmu/node_modules/@nomicfoundation/hardhat-ignition/dist/src/modules.js
../../node_modules/.pnpm/@excubiae+contracts@0.7.2/node_modules/@excubiae/contracts/build/ignition/modules/extensions/EAS.js
../../node_modules/.pnpm/@excubiae+contracts@0.7.2/node_modules/@excubiae/contracts/build/ignition/modules/extensions/index.js
../../node_modules/.pnpm/@excubiae+contracts@0.7.2/node_modules/@excubiae/contracts/build/ts/index.js
../../node_modules/.pnpm/@maci-protocol+contracts@0.0.0-ci.26f28d6_sqsdvzznn35f4tesal35tp3v5m/node_modules/@maci-protocol/contracts/build/ts/index.js
../../node_modules/.pnpm/@maci-protocol+sdk@0.0.0-ci.26f28d6_sqsdvzznn35f4tesal35tp3v5m/node_modules/@maci-protocol/sdk/build/ts/index.js
./hooks/useMaciSignup.ts
./hooks/useMACI.ts
./app/votes/[id]/page.tsx

../../node_modules/.pnpm/@nomicfoundation+solidity-analyzer-linux-arm64-musl@0.1.2/node_modules/@nomicfoundation/solidity-analyzer-linux-arm64-musl/solidity-analyzer.linux-arm64-musl.node
Error: Node.js binary module ./les/.pnpm/@nomicfoundation+solidity-analyzer-linux-arm64-musl@0.1.2/node_modules/@nomicfoundation/solidity-analyzer-linux-arm64-musl/solidity-analyzer.linux-arm64-musl.node is not supported in the browser. Please only use the module on server side
    at Object.nextErrorBrowserBinaryLoader (/Users/thesand/sasvoth/node_modules/.pnpm/next@15.3.0_@babel+core@7.28.5_react-dom@19.2.0_react@19.2.0__react@19.2.0/node_modules/next/dist/build/webpack/loaders/next-error-browser-binary-loader.js:14:33)

Import trace for requested module:
../../node_modules/.pnpm/@nomicfoundation+solidity-analyzer-linux-arm64-musl@0.1.2/node_modules/@nomicfoundation/solidity-analyzer-linux-arm64-musl/solidity-analyzer.linux-arm64-musl.node
../../node_modules/.pnpm/@nomicfoundation+solidity-analyzer@0.1.2/node_modules/@nomicfoundation/solidity-analyzer/index.js
../../node_modules/.pnpm/@nomicfoundation+ignition-core@0.15.14_bufferutil@4.0.9_utf-8-validate@5.0.10/node_modules/@nomicfoundation/ignition-core/dist/src/verify.js
../../node_modules/.pnpm/@nomicfoundation+ignition-core@0.15.14_bufferutil@4.0.9_utf-8-validate@5.0.10/node_modules/@nomicfoundation/ignition-core/dist/src/index.js
../../node_modules/.pnpm/@nomicfoundation+hardhat-ignition@0.15.15_@nomicfoundation+hardhat-verify@2.1.3_hardhat@2.27._4q5rjewvrpxw4livzvhmhlxdmu/node_modules/@nomicfoundation/hardhat-ignition/dist/src/modules.js
../../node_modules/.pnpm/@excubiae+contracts@0.7.2/node_modules/@excubiae/contracts/build/ignition/modules/extensions/EAS.js
../../node_modules/.pnpm/@excubiae+contracts@0.7.2/node_modules/@excubiae/contracts/build/ignition/modules/extensions/index.js
../../node_modules/.pnpm/@excubiae+contracts@0.7.2/node_modules/@excubiae/contracts/build/ts/index.js
../../node_modules/.pnpm/@maci-protocol+contracts@0.0.0-ci.26f28d6_sqsdvzznn35f4tesal35tp3v5m/node_modules/@maci-protocol/contracts/build/ts/index.js
../../node_modules/.pnpm/@maci-protocol+sdk@0.0.0-ci.26f28d6_sqsdvzznn35f4tesal35tp3v5m/node_modules/@maci-protocol/sdk/build/ts/index.js
./hooks/useMaciSignup.ts
./hooks/useMACI.ts
./app/votes/[id]/page.tsx

../../node_modules/.pnpm/@nomicfoundation+solidity-analyzer-linux-x64-gnu@0.1.2/node_modules/@nomicfoundation/solidity-analyzer-linux-x64-gnu/solidity-analyzer.linux-x64-gnu.node
Error: Node.js binary module ./les/.pnpm/@nomicfoundation+solidity-analyzer-linux-x64-gnu@0.1.2/node_modules/@nomicfoundation/solidity-analyzer-linux-x64-gnu/solidity-analyzer.linux-x64-gnu.node is not supported in the browser. Please only use the module on server side
    at Object.nextErrorBrowserBinaryLoader (/Users/thesand/sasvoth/node_modules/.pnpm/next@15.3.0_@babel+core@7.28.5_react-dom@19.2.0_react@19.2.0__react@19.2.0/node_modules/next/dist/build/webpack/loaders/next-error-browser-binary-loader.js:14:33)

Import trace for requested module:
../../node_modules/.pnpm/@nomicfoundation+solidity-analyzer-linux-x64-gnu@0.1.2/node_modules/@nomicfoundation/solidity-analyzer-linux-x64-gnu/solidity-analyzer.linux-x64-gnu.node
../../node_modules/.pnpm/@nomicfoundation+solidity-analyzer@0.1.2/node_modules/@nomicfoundation/solidity-analyzer/index.js
../../node_modules/.pnpm/@nomicfoundation+ignition-core@0.15.14_bufferutil@4.0.9_utf-8-validate@5.0.10/node_modules/@nomicfoundation/ignition-core/dist/src/verify.js
../../node_modules/.pnpm/@nomicfoundation+ignition-core@0.15.14_bufferutil@4.0.9_utf-8-validate@5.0.10/node_modules/@nomicfoundation/ignition-core/dist/src/index.js
../../node_modules/.pnpm/@nomicfoundation+hardhat-ignition@0.15.15_@nomicfoundation+hardhat-verify@2.1.3_hardhat@2.27._4q5rjewvrpxw4livzvhmhlxdmu/node_modules/@nomicfoundation/hardhat-ignition/dist/src/modules.js
../../node_modules/.pnpm/@excubiae+contracts@0.7.2/node_modules/@excubiae/contracts/build/ignition/modules/extensions/EAS.js
../../node_modules/.pnpm/@excubiae+contracts@0.7.2/node_modules/@excubiae/contracts/build/ignition/modules/extensions/index.js
../../node_modules/.pnpm/@excubiae+contracts@0.7.2/node_modules/@excubiae/contracts/build/ts/index.js
../../node_modules/.pnpm/@maci-protocol+contracts@0.0.0-ci.26f28d6_sqsdvzznn35f4tesal35tp3v5m/node_modules/@maci-protocol/contracts/build/ts/index.js
../../node_modules/.pnpm/@maci-protocol+sdk@0.0.0-ci.26f28d6_sqsdvzznn35f4tesal35tp3v5m/node_modules/@maci-protocol/sdk/build/ts/index.js
./hooks/useMaciSignup.ts
./hooks/useMACI.ts
./app/votes/[id]/page.tsx


> Build failed because of webpack errors
 ELIFECYCLE  Command failed with exit code 1.
